// Jest Snapshot v1, https://goo.gl/fbAQLP

exports[`<PleaseSignin /> renders the sign in dialog to logged out users 1`] = `
<p>
  Please Sign In before Continuing!
</p>
`;

exports[`<PleaseSignin /> renders the sign in dialog to logged out users 2`] = `
<fieldset
  aria-busy={false}
  disabled={false}
>
  <h2>
    Sign in
  </h2>
  <DisplayError
    error={Object {}}
  />
  <label
    htmlFor="email"
  >
    Email
    <input
      id="email"
      name="email"
      onChange={[Function]}
      placeholder="Email"
      required={true}
      type="email"
      value=""
    />
  </label>
  <label
    htmlFor="password"
  >
    Password
    <input
      id="password"
      name="password"
      onChange={[Function]}
      placeholder="Password"
      required={true}
      type="password"
      value=""
    />
  </label>
  <button
    type="submit"
  >
    Sign In!
  </button>
</fieldset>
`;
